npx.cmd : FAIL tests/accessibility/accessibility.test.tsx
At line:1 char:1
+ npx.cmd jest tests/accessibility/accessibility.test.tsx --verbose > t ...
+ ~~~~~~~~~~~~~~~~~~~~~~~~~~~~~~~~~~~~~~~~~~~~~~~~~~~~~~~~~~~~~~~~~~~~~
    + CategoryInfo          : NotSpecified: (FAIL tests/acce...bility.test.tsx:String) [], RemoteException
    + FullyQualifiedErrorId : NativeCommandError
 
  Keyboard Navigation
    ΓêÜ Tab moves focus to interactive elements in FileUploadSection (145 ms)
    ├ù Tab moves through all buttons in decision panel (67 ms)
    ├ù Enter activates upload button (native button behavior) (6 ms)
    ├ù Space activates a focused button (native button behavior) (16 ms)
    ΓêÜ focus does not get trapped in FileUploadSection (can Tab out) (132 ms)
  ARIA Labels and Semantic HTML
    ├ù all buttons have non-empty accessible name (13 ms)
    ├ù FileUploadSection buttons have descriptive text (3 ms)
    ΓêÜ file input is present and discoverable (8 ms)
    ├ù disabled buttons are marked as disabled (not just visually styled) (13 ms)
    ΓêÜ no form element is used (avoiding implicit form submission) (7 ms)
    ├ù progress text is in the document (accessible to screen readers) (10 ms)
  Error State Accessibility
    ΓêÜ validation error is visible text (not color alone) (13 ms)
    ΓêÜ 50MB limit error is communicated via text (8 ms)
    ΓêÜ error appears when validationError prop changes (re-render) (21 ms)
    ΓêÜ error clears when validationError prop is set back to null (23 ms)
  Loading State Accessibility
    ├ù upload loading state provides text feedback beyond visual spinner (2 ms)
    ├ù arbiter navigation state provides text feedback (Compiling Report) (12 ms)
    ├ù navigation buttons carry disabled attribute when isNavigating (10 ms)
  Focus Management
    ├ù focused button remains focused after non-destructive state update (12 ms)
  No Color-Only Information
    ├ù agent completion is conveyed by text, not just color (10 ms)
    ├ù phase label is text-based (13 ms)
    ΓêÜ drag state renders without crash (visual feedback may be color) (6 ms)
  Document Structure
    ├ù agent progress display has meaningful heading or landmark (10 ms)
    ΓêÜ file upload area is discoverable (8 ms)

  ΓùÅ Keyboard Navigation ΓÇ║ Tab moves through all buttons in decision panel

    Element type is invalid: expected a string (for built-in components) or a class/function (for composite 
components) but got: undefined. You likely forgot to export your component from the file it's defined in, or you might 
have mixed up default and named imports.

    Check the render method of `AgentIcon`.

    [0m [90m 67 |[39m   it([32m"Tab moves through all buttons in decision panel"[39m[33m,[39m [36masync[39m 
() [33m=>[39m {
     [90m 68 |[39m     [36mconst[39m user [33m=[39m userEvent[33m.[39msetup()[33m;[39m
    [31m[1m>[22m[39m[90m 69 |[39m     render([33m<[39m[33mAgentProgressDisplay[39m 
{[33m...[39mbaseProgress} awaitingDecision[33m=[39m{[36mtrue[39m} allAgentsDone[33m=[39m{[36mtrue[39m} 
[33m/[39m[33m>[39m)[33m;[39m
     [90m    |[39m           [31m[1m^[22m[39m
     [90m 70 |[39m     [36mconst[39m buttons [33m=[39m 
screen[33m.[39mgetAllByRole([32m"button"[39m)[33m;[39m
     [90m 71 |[39m     expect(buttons[33m.[39mlength)[33m.[39mtoBeGreaterThan([35m0[39m)[33m;[39m
     [90m 72 |[39m     buttons[[35m0[39m][33m.[39mfocus()[33m;[39m[0m

      at createFiberFromTypeAndProps (node_modules/react-dom/cjs/react-dom-client.development.js:4259:28)
      at createFiberFromElement (node_modules/react-dom/cjs/react-dom-client.development.js:4273:14)
      at reconcileChildFibersImpl (node_modules/react-dom/cjs/react-dom-client.development.js:7879:31)
      at node_modules/react-dom/cjs/react-dom-client.development.js:8057:33
      at reconcileChildren (node_modules/react-dom/cjs/react-dom-client.development.js:8621:13)
      at updateFunctionComponent (node_modules/react-dom/cjs/react-dom-client.development.js:8914:7)
      at beginWork (node_modules/react-dom/cjs/react-dom-client.development.js:10522:18)
      at runWithFiberInDEV (node_modules/react-dom/cjs/react-dom-client.development.js:1522:13)
      at performUnitOfWork (node_modules/react-dom/cjs/react-dom-client.development.js:15140:22)
      at workLoopSync (node_modules/react-dom/cjs/react-dom-client.development.js:14956:41)
      at renderRootSync (node_modules/react-dom/cjs/react-dom-client.development.js:14936:11)
      at performWorkOnRoot (node_modules/react-dom/cjs/react-dom-client.development.js:14462:44)
      at performWorkOnRootViaSchedulerTask (node_modules/react-dom/cjs/react-dom-client.development.js:16216:7)
      at flushActQueue (node_modules/react/cjs/react.development.js:566:34)
      at Object.<anonymous>.process.env.NODE_ENV.exports.act (node_modules/react/cjs/react.development.js:859:10)
      at node_modules/@testing-library/react/dist/act-compat.js:46:25
      at renderRoot (node_modules/@testing-library/react/dist/pure.js:189:26)
      at render (node_modules/@testing-library/react/dist/pure.js:291:10)
      at Object.<anonymous> (tests/accessibility/accessibility.test.tsx:69:11)

  ΓùÅ Keyboard Navigation ΓÇ║ Enter activates upload button (native button behavior)

    TypeError: URL.createObjectURL is not a function

    [0m [90m 53 |[39m     [36mif[39m ([33m![39mfile) [36mreturn[39m [36mnull[39m[33m;[39m
     [90m 54 |[39m     [36mif[39m (file[33m.[39mtype[33m.[39mstartsWith([32m"image/"[39m) [33m||[39m 
file[33m.[39mtype[33m.[39mstartsWith([32m"video/"[39m)) {
    [31m[1m>[22m[39m[90m 55 |[39m       [36mreturn[39m [33mURL[39m[33m.[39mcreateObjectURL(file)[33m;[39m
     [90m    |[39m                  [31m[1m^[22m[39m
     [90m 56 |[39m     }
     [90m 57 |[39m     [36mreturn[39m [36mnull[39m[33m;[39m
     [90m 58 |[39m   }[33m,[39m [file])[33m;[39m[0m

      at src/components/evidence/FileUploadSection.tsx:55:18
      at mountMemo (node_modules/react-dom/cjs/react-dom-client.development.js:6603:23)
      at Object.useMemo (node_modules/react-dom/cjs/react-dom-client.development.js:22924:18)
      at Object.<anonymous>.process.env.NODE_ENV.exports.useMemo (node_modules/react/cjs/react.development.js:1209:34)
      at FileUploadSection (src/components/evidence/FileUploadSection.tsx:52:33)
      at Object.react-stack-bottom-frame (node_modules/react-dom/cjs/react-dom-client.development.js:23863:20)
      at renderWithHooks (node_modules/react-dom/cjs/react-dom-client.development.js:5529:22)
      at updateFunctionComponent (node_modules/react-dom/cjs/react-dom-client.development.js:8897:19)
      at beginWork (node_modules/react-dom/cjs/react-dom-client.development.js:10522:18)
      at runWithFiberInDEV (node_modules/react-dom/cjs/react-dom-client.development.js:1522:13)
      at performUnitOfWork (node_modules/react-dom/cjs/react-dom-client.development.js:15140:22)
      at workLoopSync (node_modules/react-dom/cjs/react-dom-client.development.js:14956:41)
      at renderRootSync (node_modules/react-dom/cjs/react-dom-client.development.js:14936:11)
      at performWorkOnRoot (node_modules/react-dom/cjs/react-dom-client.development.js:14462:44)
      at performWorkOnRootViaSchedulerTask (node_modules/react-dom/cjs/react-dom-client.development.js:16216:7)
      at flushActQueue (node_modules/react/cjs/react.development.js:566:34)
      at Object.<anonymous>.process.env.NODE_ENV.exports.act (node_modules/react/cjs/react.development.js:859:10)
      at node_modules/@testing-library/react/dist/act-compat.js:46:25
      at renderRoot (node_modules/@testing-library/react/dist/pure.js:189:26)
      at render (node_modules/@testing-library/react/dist/pure.js:291:10)
      at Object.<anonymous> (tests/accessibility/accessibility.test.tsx:79:11)

  ΓùÅ Keyboard Navigation ΓÇ║ Space activates a focused button (native button behavior)

    Element type is invalid: expected a string (for built-in components) or a class/function (for composite 
components) but got: undefined. You likely forgot to export your component from the file it's defined in, or you might 
have mixed up default and named imports.

    Check the render method of `AgentIcon`.

    [0m [90m 87 |[39m   it([32m"Space activates a focused button (native button behavior)"[39m[33m,[39m () 
[33m=>[39m {
     [90m 88 |[39m     [36mconst[39m onDeep [33m=[39m jest[33m.[39mfn()[33m;[39m
    [31m[1m>[22m[39m[90m 89 |[39m     render([33m<[39m[33mAgentProgressDisplay[39m 
{[33m...[39mbaseProgress} awaitingDecision[33m=[39m{[36mtrue[39m} allAgentsDone[33m=[39m{[36mtrue[39m} 
onDeepAnalysis[33m=[39m{onDeep} [33m/[39m[33m>[39m)[33m;[39m
     [90m    |[39m           [31m[1m^[22m[39m
     [90m 90 |[39m     [36mconst[39m btn [33m=[39m screen[33m.[39mgetByRole([32m"button"[39m[33m,[39m { 
name[33m:[39m [35m/deep/i[39m })[33m;[39m
     [90m 91 |[39m     btn[33m.[39mfocus()[33m;[39m
     [90m 92 |[39m     fireEvent[33m.[39mclick(btn)[33m;[39m[0m

      at createFiberFromTypeAndProps (node_modules/react-dom/cjs/react-dom-client.development.js:4259:28)
      at createFiberFromElement (node_modules/react-dom/cjs/react-dom-client.development.js:4273:14)
      at reconcileChildFibersImpl (node_modules/react-dom/cjs/react-dom-client.development.js:7879:31)
      at node_modules/react-dom/cjs/react-dom-client.development.js:8057:33
      at reconcileChildren (node_modules/react-dom/cjs/react-dom-client.development.js:8621:13)
      at updateFunctionComponent (node_modules/react-dom/cjs/react-dom-client.development.js:8914:7)
      at beginWork (node_modules/react-dom/cjs/react-dom-client.development.js:10522:18)
      at runWithFiberInDEV (node_modules/react-dom/cjs/react-dom-client.development.js:1522:13)
      at performUnitOfWork (node_modules/react-dom/cjs/react-dom-client.development.js:15140:22)
      at workLoopSync (node_modules/react-dom/cjs/react-dom-client.development.js:14956:41)
      at renderRootSync (node_modules/react-dom/cjs/react-dom-client.development.js:14936:11)
      at performWorkOnRoot (node_modules/react-dom/cjs/react-dom-client.development.js:14462:44)
      at performWorkOnRootViaSchedulerTask (node_modules/react-dom/cjs/react-dom-client.development.js:16216:7)
      at flushActQueue (node_modules/react/cjs/react.development.js:566:34)
      at Object.<anonymous>.process.env.NODE_ENV.exports.act (node_modules/react/cjs/react.development.js:859:10)
      at node_modules/@testing-library/react/dist/act-compat.js:46:25
      at renderRoot (node_modules/@testing-library/react/dist/pure.js:189:26)
      at render (node_modules/@testing-library/react/dist/pure.js:291:10)
      at Object.<anonymous> (tests/accessibility/accessibility.test.tsx:89:11)

  ΓùÅ ARIA Labels and Semantic HTML ΓÇ║ all buttons have non-empty accessible name

    Element type is invalid: expected a string (for built-in components) or a class/function (for composite 
components) but got: undefined. You likely forgot to export your component from the file it's defined in, or you might 
have mixed up default and named imports.

    Check the render method of `AgentIcon`.

    [0m [90m 117 |[39m describe([32m"ARIA Labels and Semantic HTML"[39m[33m,[39m () [33m=>[39m {
     [90m 118 |[39m   it([32m"all buttons have non-empty accessible name"[39m[33m,[39m () [33m=>[39m {
    [31m[1m>[22m[39m[90m 119 |[39m     render([33m<[39m[33mAgentProgressDisplay[39m 
{[33m...[39mbaseProgress} awaitingDecision[33m=[39m{[36mtrue[39m} allAgentsDone[33m=[39m{[36mtrue[39m} 
[33m/[39m[33m>[39m)[33m;[39m
     [90m     |[39m           [31m[1m^[22m[39m
     [90m 120 |[39m     screen[33m.[39mgetAllByRole([32m"button"[39m)[33m.[39mforEach(btn [33m=>[39m {
     [90m 121 |[39m       [36mconst[39m name [33m=[39m btn[33m.[39mgetAttribute([32m"aria-label"[39m) 
[33m||[39m btn[33m.[39mtextContent[33m?[39m[33m.[39mtrim()[33m;[39m
     [90m 122 |[39m       expect(name[33m?[39m[33m.[39mlength [33m?[39m[33m?[39m 
[35m0[39m)[33m.[39mtoBeGreaterThan([35m0[39m)[33m;[39m[0m

      at createFiberFromTypeAndProps (node_modules/react-dom/cjs/react-dom-client.development.js:4259:28)
      at createFiberFromElement (node_modules/react-dom/cjs/react-dom-client.development.js:4273:14)
      at reconcileChildFibersImpl (node_modules/react-dom/cjs/react-dom-client.development.js:7879:31)
      at node_modules/react-dom/cjs/react-dom-client.development.js:8057:33
      at reconcileChildren (node_modules/react-dom/cjs/react-dom-client.development.js:8621:13)
      at updateFunctionComponent (node_modules/react-dom/cjs/react-dom-client.development.js:8914:7)
      at beginWork (node_modules/react-dom/cjs/react-dom-client.development.js:10522:18)
      at runWithFiberInDEV (node_modules/react-dom/cjs/react-dom-client.development.js:1522:13)
      at performUnitOfWork (node_modules/react-dom/cjs/react-dom-client.development.js:15140:22)
      at workLoopSync (node_modules/react-dom/cjs/react-dom-client.development.js:14956:41)
      at renderRootSync (node_modules/react-dom/cjs/react-dom-client.development.js:14936:11)
      at performWorkOnRoot (node_modules/react-dom/cjs/react-dom-client.development.js:14462:44)
      at performWorkOnRootViaSchedulerTask (node_modules/react-dom/cjs/react-dom-client.development.js:16216:7)
      at flushActQueue (node_modules/react/cjs/react.development.js:566:34)
      at Object.<anonymous>.process.env.NODE_ENV.exports.act (node_modules/react/cjs/react.development.js:859:10)
      at node_modules/@testing-library/react/dist/act-compat.js:46:25
      at renderRoot (node_modules/@testing-library/react/dist/pure.js:189:26)
      at render (node_modules/@testing-library/react/dist/pure.js:291:10)
      at Object.<anonymous> (tests/accessibility/accessibility.test.tsx:119:11)

  ΓùÅ ARIA Labels and Semantic HTML ΓÇ║ FileUploadSection buttons have descriptive text

    TypeError: URL.createObjectURL is not a function

    [0m [90m 53 |[39m     [36mif[39m ([33m![39mfile) [36mreturn[39m [36mnull[39m[33m;[39m
     [90m 54 |[39m     [36mif[39m (file[33m.[39mtype[33m.[39mstartsWith([32m"image/"[39m) [33m||[39m 
file[33m.[39mtype[33m.[39mstartsWith([32m"video/"[39m)) {
    [31m[1m>[22m[39m[90m 55 |[39m       [36mreturn[39m [33mURL[39m[33m.[39mcreateObjectURL(file)[33m;[39m
     [90m    |[39m                  [31m[1m^[22m[39m
     [90m 56 |[39m     }
     [90m 57 |[39m     [36mreturn[39m [36mnull[39m[33m;[39m
     [90m 58 |[39m   }[33m,[39m [file])[33m;[39m[0m

      at src/components/evidence/FileUploadSection.tsx:55:18
      at mountMemo (node_modules/react-dom/cjs/react-dom-client.development.js:6603:23)
      at Object.useMemo (node_modules/react-dom/cjs/react-dom-client.development.js:22924:18)
      at Object.<anonymous>.process.env.NODE_ENV.exports.useMemo (node_modules/react/cjs/react.development.js:1209:34)
      at FileUploadSection (src/components/evidence/FileUploadSection.tsx:52:33)
      at Object.react-stack-bottom-frame (node_modules/react-dom/cjs/react-dom-client.development.js:23863:20)
      at renderWithHooks (node_modules/react-dom/cjs/react-dom-client.development.js:5529:22)
      at updateFunctionComponent (node_modules/react-dom/cjs/react-dom-client.development.js:8897:19)
      at beginWork (node_modules/react-dom/cjs/react-dom-client.development.js:10522:18)
      at runWithFiberInDEV (node_modules/react-dom/cjs/react-dom-client.development.js:1522:13)
      at performUnitOfWork (node_modules/react-dom/cjs/react-dom-client.development.js:15140:22)
      at workLoopSync (node_modules/react-dom/cjs/react-dom-client.development.js:14956:41)
      at renderRootSync (node_modules/react-dom/cjs/react-dom-client.development.js:14936:11)
      at performWorkOnRoot (node_modules/react-dom/cjs/react-dom-client.development.js:14462:44)
      at performWorkOnRootViaSchedulerTask (node_modules/react-dom/cjs/react-dom-client.development.js:16216:7)
      at flushActQueue (node_modules/react/cjs/react.development.js:566:34)
      at Object.<anonymous>.process.env.NODE_ENV.exports.act (node_modules/react/cjs/react.development.js:859:10)
      at node_modules/@testing-library/react/dist/act-compat.js:46:25
      at renderRoot (node_modules/@testing-library/react/dist/pure.js:189:26)
      at render (node_modules/@testing-library/react/dist/pure.js:291:10)
      at Object.<anonymous> (tests/accessibility/accessibility.test.tsx:128:11)

  ΓùÅ ARIA Labels and Semantic HTML ΓÇ║ disabled buttons are marked as disabled (not just visually styled)

    Element type is invalid: expected a string (for built-in components) or a class/function (for composite 
components) but got: undefined. You likely forgot to export your component from the file it's defined in, or you might 
have mixed up default and named imports.

    Check the render method of `AgentIcon`.

    [0m [90m 138 |[39m
     [90m 139 |[39m   it([32m"disabled buttons are marked as disabled (not just visually styled)"[39m[33m,[39m 
() [33m=>[39m {
    [31m[1m>[22m[39m[90m 140 |[39m     render([33m<[39m[33mAgentProgressDisplay[39m 
{[33m...[39mbaseProgress} awaitingDecision[33m=[39m{[36mtrue[39m} allAgentsDone[33m=[39m{[36mtrue[39m} 
isNavigating[33m=[39m{[36mtrue[39m} [33m/[39m[33m>[39m)[33m;[39m
     [90m     |[39m           [31m[1m^[22m[39m
     [90m 141 |[39m     [36mconst[39m disabledBtns [33m=[39m 
screen[33m.[39mgetAllByRole([32m"button"[39m)[33m.[39mfilter(b [33m=>[39m 
b[33m.[39mhasAttribute([32m"disabled"[39m))[33m;[39m
     [90m 142 |[39m     expect(disabledBtns[33m.[39mlength)[33m.[39mtoBeGreaterThan([35m0[39m)[33m;[39m
     [90m 143 |[39m     [90m// Native disabled is accessible ΓÇö no aria-disabled needed when using disabled 
attribute[39m[0m

      at createFiberFromTypeAndProps (node_modules/react-dom/cjs/react-dom-client.development.js:4259:28)
      at createFiberFromElement (node_modules/react-dom/cjs/react-dom-client.development.js:4273:14)
      at reconcileChildFibersImpl (node_modules/react-dom/cjs/react-dom-client.development.js:7879:31)
      at node_modules/react-dom/cjs/react-dom-client.development.js:8057:33
      at reconcileChildren (node_modules/react-dom/cjs/react-dom-client.development.js:8621:13)
      at updateFunctionComponent (node_modules/react-dom/cjs/react-dom-client.development.js:8914:7)
      at beginWork (node_modules/react-dom/cjs/react-dom-client.development.js:10522:18)
      at runWithFiberInDEV (node_modules/react-dom/cjs/react-dom-client.development.js:1522:13)
      at performUnitOfWork (node_modules/react-dom/cjs/react-dom-client.development.js:15140:22)
      at workLoopSync (node_modules/react-dom/cjs/react-dom-client.development.js:14956:41)
      at renderRootSync (node_modules/react-dom/cjs/react-dom-client.development.js:14936:11)
      at performWorkOnRoot (node_modules/react-dom/cjs/react-dom-client.development.js:14462:44)
      at performWorkOnRootViaSchedulerTask (node_modules/react-dom/cjs/react-dom-client.development.js:16216:7)
      at flushActQueue (node_modules/react/cjs/react.development.js:566:34)
      at Object.<anonymous>.process.env.NODE_ENV.exports.act (node_modules/react/cjs/react.development.js:859:10)
      at node_modules/@testing-library/react/dist/act-compat.js:46:25
      at renderRoot (node_modules/@testing-library/react/dist/pure.js:189:26)
      at render (node_modules/@testing-library/react/dist/pure.js:291:10)
      at Object.<anonymous> (tests/accessibility/accessibility.test.tsx:140:11)

  ΓùÅ ARIA Labels and Semantic HTML ΓÇ║ progress text is in the document (accessible to screen readers)

    Element type is invalid: expected a string (for built-in components) or a class/function (for composite 
components) but got: undefined. You likely forgot to export your component from the file it's defined in, or you might 
have mixed up default and named imports.

    Check the render method of `AgentIcon`.

    [0m [90m 152 |[39m
     [90m 153 |[39m   it([32m"progress text is in the document (accessible to screen readers)"[39m[33m,[39m () 
[33m=>[39m {
    [31m[1m>[22m[39m[90m 154 |[39m     render([33m<[39m[33mAgentProgressDisplay[39m 
{[33m...[39mbaseProgress} progressText[33m=[39m[32m"Analyzing imageΓÇª 2/5"[39m 
[33m/[39m[33m>[39m)[33m;[39m
     [90m     |[39m           [31m[1m^[22m[39m
     [90m 155 |[39m     expect(screen[33m.[39mgetByText([35m/Analyzing 
image/i[39m))[33m.[39mtoBeInTheDocument()[33m;[39m
     [90m 156 |[39m   })[33m;[39m
     [90m 157 |[39m })[33m;[39m[0m

      at createFiberFromTypeAndProps (node_modules/react-dom/cjs/react-dom-client.development.js:4259:28)
      at createFiberFromElement (node_modules/react-dom/cjs/react-dom-client.development.js:4273:14)
      at reconcileChildFibersImpl (node_modules/react-dom/cjs/react-dom-client.development.js:7879:31)
      at node_modules/react-dom/cjs/react-dom-client.development.js:8057:33
      at reconcileChildren (node_modules/react-dom/cjs/react-dom-client.development.js:8621:13)
      at updateFunctionComponent (node_modules/react-dom/cjs/react-dom-client.development.js:8914:7)
      at beginWork (node_modules/react-dom/cjs/react-dom-client.development.js:10522:18)
      at runWithFiberInDEV (node_modules/react-dom/cjs/react-dom-client.development.js:1522:13)
      at performUnitOfWork (node_modules/react-dom/cjs/react-dom-client.development.js:15140:22)
      at workLoopSync (node_modules/react-dom/cjs/react-dom-client.development.js:14956:41)
      at renderRootSync (node_modules/react-dom/cjs/react-dom-client.development.js:14936:11)
      at performWorkOnRoot (node_modules/react-dom/cjs/react-dom-client.development.js:14462:44)
      at performWorkOnRootViaSchedulerTask (node_modules/react-dom/cjs/react-dom-client.development.js:16216:7)
      at flushActQueue (node_modules/react/cjs/react.development.js:566:34)
      at Object.<anonymous>.process.env.NODE_ENV.exports.act (node_modules/react/cjs/react.development.js:859:10)
      at node_modules/@testing-library/react/dist/act-compat.js:46:25
      at renderRoot (node_modules/@testing-library/react/dist/pure.js:189:26)
      at render (node_modules/@testing-library/react/dist/pure.js:291:10)
      at Object.<anonymous> (tests/accessibility/accessibility.test.tsx:154:11)

  ΓùÅ Loading State Accessibility ΓÇ║ upload loading state provides text feedback beyond visual spinner

    TypeError: URL.createObjectURL is not a function

    [0m [90m 53 |[39m     [36mif[39m ([33m![39mfile) [36mreturn[39m [36mnull[39m[33m;[39m
     [90m 54 |[39m     [36mif[39m (file[33m.[39mtype[33m.[39mstartsWith([32m"image/"[39m) [33m||[39m 
file[33m.[39mtype[33m.[39mstartsWith([32m"video/"[39m)) {
    [31m[1m>[22m[39m[90m 55 |[39m       [36mreturn[39m [33mURL[39m[33m.[39mcreateObjectURL(file)[33m;[39m
     [90m    |[39m                  [31m[1m^[22m[39m
     [90m 56 |[39m     }
     [90m 57 |[39m     [36mreturn[39m [36mnull[39m[33m;[39m
     [90m 58 |[39m   }[33m,[39m [file])[33m;[39m[0m

      at src/components/evidence/FileUploadSection.tsx:55:18
      at mountMemo (node_modules/react-dom/cjs/react-dom-client.development.js:6603:23)
      at Object.useMemo (node_modules/react-dom/cjs/react-dom-client.development.js:22924:18)
      at Object.<anonymous>.process.env.NODE_ENV.exports.useMemo (node_modules/react/cjs/react.development.js:1209:34)
      at FileUploadSection (src/components/evidence/FileUploadSection.tsx:52:33)
      at Object.react-stack-bottom-frame (node_modules/react-dom/cjs/react-dom-client.development.js:23863:20)
      at renderWithHooks (node_modules/react-dom/cjs/react-dom-client.development.js:5529:22)
      at updateFunctionComponent (node_modules/react-dom/cjs/react-dom-client.development.js:8897:19)
      at beginWork (node_modules/react-dom/cjs/react-dom-client.development.js:10522:18)
      at runWithFiberInDEV (node_modules/react-dom/cjs/react-dom-client.development.js:1522:13)
      at performUnitOfWork (node_modules/react-dom/cjs/react-dom-client.development.js:15140:22)
      at workLoopSync (node_modules/react-dom/cjs/react-dom-client.development.js:14956:41)
      at renderRootSync (node_modules/react-dom/cjs/react-dom-client.development.js:14936:11)
      at performWorkOnRoot (node_modules/react-dom/cjs/react-dom-client.development.js:14462:44)
      at performWorkOnRootViaSchedulerTask (node_modules/react-dom/cjs/react-dom-client.development.js:16216:7)
      at flushActQueue (node_modules/react/cjs/react.development.js:566:34)
      at Object.<anonymous>.process.env.NODE_ENV.exports.act (node_modules/react/cjs/react.development.js:859:10)
      at node_modules/@testing-library/react/dist/act-compat.js:46:25
      at renderRoot (node_modules/@testing-library/react/dist/pure.js:189:26)
      at render (node_modules/@testing-library/react/dist/pure.js:291:10)
      at Object.<anonymous> (tests/accessibility/accessibility.test.tsx:197:11)

  ΓùÅ Loading State Accessibility ΓÇ║ arbiter navigation state provides text feedback (Compiling Report)

    Element type is invalid: expected a string (for built-in components) or a class/function (for composite 
components) but got: undefined. You likely forgot to export your component from the file it's defined in, or you might 
have mixed up default and named imports.

    Check the render method of `AgentIcon`.

    [0m [90m 202 |[39m
     [90m 203 |[39m   it([32m"arbiter navigation state provides text feedback (Compiling Report)"[39m[33m,[39m 
[36masync[39m () [33m=>[39m {
    [31m[1m>[22m[39m[90m 204 |[39m     render([33m<[39m[33mAgentProgressDisplay[39m 
{[33m...[39mbaseProgress} awaitingDecision[33m=[39m{[36mtrue[39m} allAgentsDone[33m=[39m{[36mtrue[39m} 
isNavigating[33m=[39m{[36mtrue[39m} [33m/[39m[33m>[39m)[33m;[39m
     [90m     |[39m           [31m[1m^[22m[39m
     [90m 205 |[39m     expect([36mawait[39m 
screen[33m.[39mfindByText([35m/Compiling|loading/i[39m))[33m.[39mtoBeInTheDocument()[33m;[39m
     [90m 206 |[39m   })[33m;[39m
     [90m 207 |[39m[0m

      at createFiberFromTypeAndProps (node_modules/react-dom/cjs/react-dom-client.development.js:4259:28)
      at createFiberFromElement (node_modules/react-dom/cjs/react-dom-client.development.js:4273:14)
      at reconcileChildFibersImpl (node_modules/react-dom/cjs/react-dom-client.development.js:7879:31)
      at node_modules/react-dom/cjs/react-dom-client.development.js:8057:33
      at reconcileChildren (node_modules/react-dom/cjs/react-dom-client.development.js:8621:13)
      at updateFunctionComponent (node_modules/react-dom/cjs/react-dom-client.development.js:8914:7)
      at beginWork (node_modules/react-dom/cjs/react-dom-client.development.js:10522:18)
      at runWithFiberInDEV (node_modules/react-dom/cjs/react-dom-client.development.js:1522:13)
      at performUnitOfWork (node_modules/react-dom/cjs/react-dom-client.development.js:15140:22)
      at workLoopSync (node_modules/react-dom/cjs/react-dom-client.development.js:14956:41)
      at renderRootSync (node_modules/react-dom/cjs/react-dom-client.development.js:14936:11)
      at performWorkOnRoot (node_modules/react-dom/cjs/react-dom-client.development.js:14462:44)
      at performWorkOnRootViaSchedulerTask (node_modules/react-dom/cjs/react-dom-client.development.js:16216:7)
      at flushActQueue (node_modules/react/cjs/react.development.js:566:34)
      at Object.<anonymous>.process.env.NODE_ENV.exports.act (node_modules/react/cjs/react.development.js:859:10)
      at node_modules/@testing-library/react/dist/act-compat.js:46:25
      at renderRoot (node_modules/@testing-library/react/dist/pure.js:189:26)
      at render (node_modules/@testing-library/react/dist/pure.js:291:10)
      at Object.<anonymous> (tests/accessibility/accessibility.test.tsx:204:11)

  ΓùÅ Loading State Accessibility ΓÇ║ navigation buttons carry disabled attribute when isNavigating

    Element type is invalid: expected a string (for built-in components) or a class/function (for composite 
components) but got: undefined. You likely forgot to export your component from the file it's defined in, or you might 
have mixed up default and named imports.

    Check the render method of `AgentIcon`.

    [0m [90m 207 |[39m
     [90m 208 |[39m   it([32m"navigation buttons carry disabled attribute when isNavigating"[39m[33m,[39m () 
[33m=>[39m {
    [31m[1m>[22m[39m[90m 209 |[39m     render([33m<[39m[33mAgentProgressDisplay[39m 
{[33m...[39mbaseProgress} awaitingDecision[33m=[39m{[36mtrue[39m} allAgentsDone[33m=[39m{[36mtrue[39m} 
isNavigating[33m=[39m{[36mtrue[39m} [33m/[39m[33m>[39m)[33m;[39m
     [90m     |[39m           [31m[1m^[22m[39m
     [90m 210 |[39m     [36mconst[39m hasSomeDisabled [33m=[39m 
screen[33m.[39mgetAllByRole([32m"button"[39m)[33m.[39msome(b [33m=>[39m 
b[33m.[39mhasAttribute([32m"disabled"[39m))[33m;[39m
     [90m 211 |[39m     expect(hasSomeDisabled)[33m.[39mtoBe([36mtrue[39m)[33m;[39m
     [90m 212 |[39m   })[33m;[39m[0m

      at createFiberFromTypeAndProps (node_modules/react-dom/cjs/react-dom-client.development.js:4259:28)
      at createFiberFromElement (node_modules/react-dom/cjs/react-dom-client.development.js:4273:14)
      at reconcileChildFibersImpl (node_modules/react-dom/cjs/react-dom-client.development.js:7879:31)
      at node_modules/react-dom/cjs/react-dom-client.development.js:8057:33
      at reconcileChildren (node_modules/react-dom/cjs/react-dom-client.development.js:8621:13)
      at updateFunctionComponent (node_modules/react-dom/cjs/react-dom-client.development.js:8914:7)
      at beginWork (node_modules/react-dom/cjs/react-dom-client.development.js:10522:18)
      at runWithFiberInDEV (node_modules/react-dom/cjs/react-dom-client.development.js:1522:13)
      at performUnitOfWork (node_modules/react-dom/cjs/react-dom-client.development.js:15140:22)
      at workLoopSync (node_modules/react-dom/cjs/react-dom-client.development.js:14956:41)
      at renderRootSync (node_modules/react-dom/cjs/react-dom-client.development.js:14936:11)
      at performWorkOnRoot (node_modules/react-dom/cjs/react-dom-client.development.js:14462:44)
      at performWorkOnRootViaSchedulerTask (node_modules/react-dom/cjs/react-dom-client.development.js:16216:7)
      at flushActQueue (node_modules/react/cjs/react.development.js:566:34)
      at Object.<anonymous>.process.env.NODE_ENV.exports.act (node_modules/react/cjs/react.development.js:859:10)
      at node_modules/@testing-library/react/dist/act-compat.js:46:25
      at renderRoot (node_modules/@testing-library/react/dist/pure.js:189:26)
      at render (node_modules/@testing-library/react/dist/pure.js:291:10)
      at Object.<anonymous> (tests/accessibility/accessibility.test.tsx:209:11)

  ΓùÅ Focus Management ΓÇ║ focused button remains focused after non-destructive state update

    Element type is invalid: expected a string (for built-in components) or a class/function (for composite 
components) but got: undefined. You likely forgot to export your component from the file it's defined in, or you might 
have mixed up default and named imports.

    Check the render method of `AgentIcon`.

    [0m [90m 219 |[39m describe([32m"Focus Management"[39m[33m,[39m () [33m=>[39m {
     [90m 220 |[39m   it([32m"focused button remains focused after non-destructive state update"[39m[33m,[39m () 
[33m=>[39m {
    [31m[1m>[22m[39m[90m 221 |[39m     [36mconst[39m { rerender } [33m=[39m render(
     [90m     |[39m                                [31m[1m^[22m[39m
     [90m 222 |[39m       [33m<[39m[33mAgentProgressDisplay[39m {[33m...[39mbaseProgress} 
awaitingDecision[33m=[39m{[36mtrue[39m} allAgentsDone[33m=[39m{[36mtrue[39m} 
progressText[33m=[39m[32m"v1"[39m [33m/[39m[33m>[39m
     [90m 223 |[39m     )[33m;[39m
     [90m 224 |[39m     [36mconst[39m btn [33m=[39m screen[33m.[39mgetByRole([32m"button"[39m[33m,[39m { 
name[33m:[39m [35m/deep/i[39m })[33m;[39m[0m

      at createFiberFromTypeAndProps (node_modules/react-dom/cjs/react-dom-client.development.js:4259:28)
      at createFiberFromElement (node_modules/react-dom/cjs/react-dom-client.development.js:4273:14)
      at reconcileChildFibersImpl (node_modules/react-dom/cjs/react-dom-client.development.js:7879:31)
      at node_modules/react-dom/cjs/react-dom-client.development.js:8057:33
      at reconcileChildren (node_modules/react-dom/cjs/react-dom-client.development.js:8621:13)
      at updateFunctionComponent (node_modules/react-dom/cjs/react-dom-client.development.js:8914:7)
      at beginWork (node_modules/react-dom/cjs/react-dom-client.development.js:10522:18)
      at runWithFiberInDEV (node_modules/react-dom/cjs/react-dom-client.development.js:1522:13)
      at performUnitOfWork (node_modules/react-dom/cjs/react-dom-client.development.js:15140:22)
      at workLoopSync (node_modules/react-dom/cjs/react-dom-client.development.js:14956:41)
      at renderRootSync (node_modules/react-dom/cjs/react-dom-client.development.js:14936:11)
      at performWorkOnRoot (node_modules/react-dom/cjs/react-dom-client.development.js:14462:44)
      at performWorkOnRootViaSchedulerTask (node_modules/react-dom/cjs/react-dom-client.development.js:16216:7)
      at flushActQueue (node_modules/react/cjs/react.development.js:566:34)
      at Object.<anonymous>.process.env.NODE_ENV.exports.act (node_modules/react/cjs/react.development.js:859:10)
      at node_modules/@testing-library/react/dist/act-compat.js:46:25
      at renderRoot (node_modules/@testing-library/react/dist/pure.js:189:26)
      at render (node_modules/@testing-library/react/dist/pure.js:291:10)
      at Object.<anonymous> (tests/accessibility/accessibility.test.tsx:221:32)

  ΓùÅ No Color-Only Information ΓÇ║ agent completion is conveyed by text, not just color

    Element type is invalid: expected a string (for built-in components) or a class/function (for composite 
components) but got: undefined. You likely forgot to export your component from the file it's defined in, or you might 
have mixed up default and named imports.

    Check the render method of `AgentIcon`.

    [0m [90m 238 |[39m describe([32m"No Color-Only Information"[39m[33m,[39m () [33m=>[39m {
     [90m 239 |[39m   it([32m"agent completion is conveyed by text, not just color"[39m[33m,[39m () [33m=>[39m 
{
    [31m[1m>[22m[39m[90m 240 |[39m     render([33m<[39m[33mAgentProgressDisplay[39m
     [90m     |[39m           [31m[1m^[22m[39m
     [90m 241 |[39m       {[33m...[39mbaseProgress}
     [90m 242 |[39m       completedAgents[33m=[39m{[{ agent_id[33m:[39m [32m"Agent1"[39m[33m,[39m 
agent_name[33m:[39m [32m"Image Integrity Expert"[39m[33m,[39m message[33m:[39m [32m"Done"[39m[33m,[39m 
status[33m:[39m [32m"complete"[39m[33m,[39m confidence[33m:[39m [35m0.9[39m }]}
     [90m 243 |[39m     [33m/[39m[33m>[39m)[33m;[39m[0m

      at createFiberFromTypeAndProps (node_modules/react-dom/cjs/react-dom-client.development.js:4259:28)
      at createFiberFromElement (node_modules/react-dom/cjs/react-dom-client.development.js:4273:14)
      at reconcileChildFibersImpl (node_modules/react-dom/cjs/react-dom-client.development.js:7879:31)
      at node_modules/react-dom/cjs/react-dom-client.development.js:8057:33
      at reconcileChildren (node_modules/react-dom/cjs/react-dom-client.development.js:8621:13)
      at updateFunctionComponent (node_modules/react-dom/cjs/react-dom-client.development.js:8914:7)
      at beginWork (node_modules/react-dom/cjs/react-dom-client.development.js:10522:18)
      at runWithFiberInDEV (node_modules/react-dom/cjs/react-dom-client.development.js:1522:13)
      at performUnitOfWork (node_modules/react-dom/cjs/react-dom-client.development.js:15140:22)
      at workLoopSync (node_modules/react-dom/cjs/react-dom-client.development.js:14956:41)
      at renderRootSync (node_modules/react-dom/cjs/react-dom-client.development.js:14936:11)
      at performWorkOnRoot (node_modules/react-dom/cjs/react-dom-client.development.js:14462:44)
      at performWorkOnRootViaSchedulerTask (node_modules/react-dom/cjs/react-dom-client.development.js:16216:7)
      at flushActQueue (node_modules/react/cjs/react.development.js:566:34)
      at Object.<anonymous>.process.env.NODE_ENV.exports.act (node_modules/react/cjs/react.development.js:859:10)
      at node_modules/@testing-library/react/dist/act-compat.js:46:25
      at renderRoot (node_modules/@testing-library/react/dist/pure.js:189:26)
      at render (node_modules/@testing-library/react/dist/pure.js:291:10)
      at Object.<anonymous> (tests/accessibility/accessibility.test.tsx:240:11)

  ΓùÅ No Color-Only Information ΓÇ║ phase label is text-based

    Element type is invalid: expected a string (for built-in components) or a class/function (for composite 
components) but got: undefined. You likely forgot to export your component from the file it's defined in, or you might 
have mixed up default and named imports.

    Check the render method of `AgentIcon`.

    [0m [90m 247 |[39m
     [90m 248 |[39m   it([32m"phase label is text-based"[39m[33m,[39m () [33m=>[39m {
    [31m[1m>[22m[39m[90m 249 |[39m     render([33m<[39m[33mAgentProgressDisplay[39m 
{[33m...[39mbaseProgress} phase[33m=[39m[32m"deep"[39m [33m/[39m[33m>[39m)[33m;[39m
     [90m     |[39m           [31m[1m^[22m[39m
     [90m 250 |[39m     
expect(screen[33m.[39mgetByText([35m/deep/i[39m))[33m.[39mtoBeInTheDocument()[33m;[39m
     [90m 251 |[39m   })[33m;[39m
     [90m 252 |[39m[0m

      at createFiberFromTypeAndProps (node_modules/react-dom/cjs/react-dom-client.development.js:4259:28)
      at createFiberFromElement (node_modules/react-dom/cjs/react-dom-client.development.js:4273:14)
      at reconcileChildFibersImpl (node_modules/react-dom/cjs/react-dom-client.development.js:7879:31)
      at node_modules/react-dom/cjs/react-dom-client.development.js:8057:33
      at reconcileChildren (node_modules/react-dom/cjs/react-dom-client.development.js:8621:13)
      at updateFunctionComponent (node_modules/react-dom/cjs/react-dom-client.development.js:8914:7)
      at beginWork (node_modules/react-dom/cjs/react-dom-client.development.js:10522:18)
      at runWithFiberInDEV (node_modules/react-dom/cjs/react-dom-client.development.js:1522:13)
      at performUnitOfWork (node_modules/react-dom/cjs/react-dom-client.development.js:15140:22)
      at workLoopSync (node_modules/react-dom/cjs/react-dom-client.development.js:14956:41)
      at renderRootSync (node_modules/react-dom/cjs/react-dom-client.development.js:14936:11)
      at performWorkOnRoot (node_modules/react-dom/cjs/react-dom-client.development.js:14462:44)
      at performWorkOnRootViaSchedulerTask (node_modules/react-dom/cjs/react-dom-client.development.js:16216:7)
      at flushActQueue (node_modules/react/cjs/react.development.js:566:34)
      at Object.<anonymous>.process.env.NODE_ENV.exports.act (node_modules/react/cjs/react.development.js:859:10)
      at node_modules/@testing-library/react/dist/act-compat.js:46:25
      at renderRoot (node_modules/@testing-library/react/dist/pure.js:189:26)
      at render (node_modules/@testing-library/react/dist/pure.js:291:10)
      at Object.<anonymous> (tests/accessibility/accessibility.test.tsx:249:11)

  ΓùÅ Document Structure ΓÇ║ agent progress display has meaningful heading or landmark

    Element type is invalid: expected a string (for built-in components) or a class/function (for composite 
components) but got: undefined. You likely forgot to export your component from the file it's defined in, or you might 
have mixed up default and named imports.

    Check the render method of `AgentIcon`.

    [0m [90m 263 |[39m describe([32m"Document Structure"[39m[33m,[39m () [33m=>[39m {
     [90m 264 |[39m   it([32m"agent progress display has meaningful heading or landmark"[39m[33m,[39m () 
[33m=>[39m {
    [31m[1m>[22m[39m[90m 265 |[39m     render([33m<[39m[33mAgentProgressDisplay[39m 
{[33m...[39mbaseProgress} progressText[33m=[39m[32m"Analysis in progress"[39m [33m/[39m[33m>[39m)[33m;[39m
     [90m     |[39m           [31m[1m^[22m[39m
     [90m 266 |[39m     [90m// Either a heading, region, or status element should be present[39m
     [90m 267 |[39m     [36mconst[39m hasStructure [33m=[39m
     [90m 268 |[39m       document[33m.[39mquerySelector([32m"h1, h2, h3, [role='heading'], [role='status'], 
[role='main']"[39m) [33m||[39m[0m

      at createFiberFromTypeAndProps (node_modules/react-dom/cjs/react-dom-client.development.js:4259:28)
      at createFiberFromElement (node_modules/react-dom/cjs/react-dom-client.development.js:4273:14)
      at reconcileChildFibersImpl (node_modules/react-dom/cjs/react-dom-client.development.js:7879:31)
      at node_modules/react-dom/cjs/react-dom-client.development.js:8057:33
      at reconcileChildren (node_modules/react-dom/cjs/react-dom-client.development.js:8621:13)
      at updateFunctionComponent (node_modules/react-dom/cjs/react-dom-client.development.js:8914:7)
      at beginWork (node_modules/react-dom/cjs/react-dom-client.development.js:10522:18)
      at runWithFiberInDEV (node_modules/react-dom/cjs/react-dom-client.development.js:1522:13)
      at performUnitOfWork (node_modules/react-dom/cjs/react-dom-client.development.js:15140:22)
      at workLoopSync (node_modules/react-dom/cjs/react-dom-client.development.js:14956:41)
      at renderRootSync (node_modules/react-dom/cjs/react-dom-client.development.js:14936:11)
      at performWorkOnRoot (node_modules/react-dom/cjs/react-dom-client.development.js:14462:44)
      at performWorkOnRootViaSchedulerTask (node_modules/react-dom/cjs/react-dom-client.development.js:16216:7)
      at flushActQueue (node_modules/react/cjs/react.development.js:566:34)
      at Object.<anonymous>.process.env.NODE_ENV.exports.act (node_modules/react/cjs/react.development.js:859:10)
      at node_modules/@testing-library/react/dist/act-compat.js:46:25
      at renderRoot (node_modules/@testing-library/react/dist/pure.js:189:26)
      at render (node_modules/@testing-library/react/dist/pure.js:291:10)
      at Object.<anonymous> (tests/accessibility/accessibility.test.tsx:265:11)

Test Suites: 1 failed, 1 total
Tests:       14 failed, 10 passed, 24 total
Snapshots:   0 total
Time:        2.146 s
Ran all test suites matching /tests\\accessibility\\accessibility.test.tsx/i.
